Archive member included because of file (symbol)

c:/mingw/bin/../lib/gcc/mingw32/4.5.2/../../../libSDL.dll.a(d000046.o)
                              main.o (SDL_Flip)
c:/mingw/bin/../lib/gcc/mingw32/4.5.2/../../../libSDL.dll.a(d000123.o)
                              main.o (SDL_PollEvent)
c:/mingw/bin/../lib/gcc/mingw32/4.5.2/../../../libSDL.dll.a(d000113.o)
                              main.o (SDL_LockSurface)
c:/mingw/bin/../lib/gcc/mingw32/4.5.2/../../../libSDL.dll.a(d000072.o)
                              main.o (SDL_GetRGB)
c:/mingw/bin/../lib/gcc/mingw32/4.5.2/../../../libSDL.dll.a(d000165.o)
                              main.o (SDL_UnlockSurface)
c:/mingw/bin/../lib/gcc/mingw32/4.5.2/../../../libSDL.dll.a(d000116.o)
                              main.o (SDL_MapRGB)
c:/mingw/bin/../lib/gcc/mingw32/4.5.2/../../../libSDL.dll.a(d000088.o)
                              main.o (SDL_Init)
c:/mingw/bin/../lib/gcc/mingw32/4.5.2/../../../libSDL.dll.a(d000130.o)
                              main.o (SDL_RWFromFile)
c:/mingw/bin/../lib/gcc/mingw32/4.5.2/../../../libSDL.dll.a(d000108.o)
                              main.o (SDL_LoadBMP_RW)
c:/mingw/bin/../lib/gcc/mingw32/4.5.2/../../../libSDL.dll.a(d000159.o)
                              main.o (SDL_SetVideoMode)
c:/mingw/bin/../lib/gcc/mingw32/4.5.2/../../../libSDL.dll.a(d000126.o)
                              main.o (SDL_Quit)
c:/mingw/bin/../lib/gcc/mingw32/4.5.2/../../../libSDL.dll.a(d000140.o)
                              main.o (SDL_SaveBMP_RW)
c:/mingw/bin/../lib/gcc/mingw32/4.5.2/../../../libSDL.dll.a(d000049.o)
                              main.o (SDL_FreeSurface)
c:/mingw/bin/../lib/gcc/mingw32/4.5.2/../../../libSDL.dll.a(d000000.o)
                              c:/mingw/bin/../lib/gcc/mingw32/4.5.2/../../../libSDL.dll.a(d000046.o) (_head_SDL_dll)
c:/mingw/bin/../lib/gcc/mingw32/4.5.2/../../../libSDL.dll.a(d000203.o)
                              c:/mingw/bin/../lib/gcc/mingw32/4.5.2/../../../libSDL.dll.a(d000000.o) (SDL_dll_iname)
c:/mingw/bin/../lib/gcc/mingw32/4.5.2/libgcc.a(_chkstk.o)
                              histogram/histogram.o (__chkstk)
c:/mingw/bin/../lib/gcc/mingw32/4.5.2/../../../libmsvcrt.a(duyms00692.o)
                              main.o (puts)
c:/mingw/bin/../lib/gcc/mingw32/4.5.2/../../../libmsvcrt.a(duyms00689.o)
                              main.o (printf)
c:/mingw/bin/../lib/gcc/mingw32/4.5.2/../../../libmsvcrt.a(duyms00137.o)
                              main.o (_assert)
c:/mingw/bin/../lib/gcc/mingw32/4.5.2/../../../libmsvcrt.a(duyms00620.o)
                              main.o (fputc)
c:/mingw/bin/../lib/gcc/mingw32/4.5.2/../../../libmsvcrt.a(duyms00616.o)
                              main.o (floor)
c:/mingw/bin/../lib/gcc/mingw32/4.5.2/../../../libmsvcrt.a(duyms00618.o)
                              main.o (fopen)
c:/mingw/bin/../lib/gcc/mingw32/4.5.2/../../../libmsvcrt.a(duyms00619.o)
                              main.o (fprintf)
c:/mingw/bin/../lib/gcc/mingw32/4.5.2/../../../libmsvcrt.a(duyms00607.o)
                              main.o (fclose)
c:/mingw/bin/../lib/gcc/mingw32/4.5.2/../../../libmsvcrt.a(duyms00595.o)
                              main.o (calloc)
c:/mingw/bin/../lib/gcc/mingw32/4.5.2/../../../libmsvcrt.a(duyms00684.o)
                              main.o (memset)
c:/mingw/bin/../lib/gcc/mingw32/4.5.2/../../../libmsvcrt.a(duyms00625.o)
                              main.o (free)
c:/mingw/bin/../lib/gcc/mingw32/4.5.2/../../../libmsvcrt.a(duyms00624.o)
                              bmp.o (fread)
c:/mingw/bin/../lib/gcc/mingw32/4.5.2/../../../libmsvcrt.a(duyms00676.o)
                              bmp.o (malloc)
c:/mingw/bin/../lib/gcc/mingw32/4.5.2/../../../libmsvcrt.a(duyms00633.o)
                              bmp.o (fwrite)
c:/mingw/bin/../lib/gcc/mingw32/4.5.2/../../../libmsvcrt.a(duyms00710.o)
                              convert/convert.o (sqrt)
c:/mingw/bin/../lib/gcc/mingw32/4.5.2/../../../libmsvcrt.a(duyms00585.o)
                              drawing/circle.o (acos)
c:/mingw/bin/../lib/gcc/mingw32/4.5.2/../../../libmsvcrt.a(duyms00707.o)
                              drawing/circle.o (sin)
c:/mingw/bin/../lib/gcc/mingw32/4.5.2/../../../libmsvcrt.a(duyms00688.o)
                              histogram/gamma.o (pow)
c:/mingw/bin/../lib/gcc/mingw32/4.5.2/../../../libmsvcrt.a(duyms00599.o)
                              hough/hough_line.o (cos)
c:/mingw/bin/../lib/gcc/mingw32/4.5.2/../../../libmsvcrt.a(duyms00589.o)
                              hough/hough_line.o (atan2)
c:/mingw/bin/../lib/gcc/mingw32/4.5.2/../../../libmsvcrt.a(duyms00691.o)
                              matrix/matrix.o (putchar)
c:/mingw/bin/../lib/gcc/mingw32/4.5.2/../../../libmsvcrt.a(duyms00697.o)
                              matrix/matrix.o (rand)
c:/mingw/bin/../lib/gcc/mingw32/4.5.2/../../../libmsvcrt.a(duyms00682.o)
                              matrix/vector.o (memcpy)
c:/mingw/bin/../lib/gcc/mingw32/4.5.2/../../../libmsvcrt.a(duyms00737.o)
                              metric/rotate.o (tan)
c:/mingw/bin/../lib/gcc/mingw32/4.5.2/../../../libmsvcrt.a(duyms00588.o)
                              metric/rotate.o (atan)
c:/mingw/bin/../lib/gcc/mingw32/4.5.2/../../../libmsvcrt.a(duymh.o)
                              c:/mingw/bin/../lib/gcc/mingw32/4.5.2/../../../libmsvcrt.a(duyms00692.o) (_head_libmsvcrt_a)
c:/mingw/bin/../lib/gcc/mingw32/4.5.2/../../../libmsvcrt.a(duymt.o)
                              c:/mingw/bin/../lib/gcc/mingw32/4.5.2/../../../libmsvcrt.a(duymh.o) (_libmsvcrt_a_iname)
